// Jest Snapshot v1, https://goo.gl/fbAQLP

exports[`Task component renders to snapshot 1`] = `
<div>
  <div
    class="MuiBox-root MuiBox-root-4"
  >
    <div
      class="MuiBox-root MuiBox-root-5"
      xs="12"
    >
      <h4
        class="MuiTypography-root MuiTypography-h4"
      >
        Task 1, as a user
      </h4>
    </div>
    <div
      class="MuiBox-root MuiBox-root-6 makeStyles-cards-3"
    >
      <div
        class="MuiPaper-root MuiCard-root makeStyles-root-1 MuiPaper-elevation1 MuiPaper-rounded"
      >
        <div
          class="MuiCardHeader-root makeStyles-cardHeader-2"
        >
          <div
            class="MuiCardHeader-content"
          >
            <span
              class="MuiTypography-root MuiCardHeader-title MuiTypography-h5 MuiTypography-displayBlock"
            />
          </div>
        </div>
        <button
          class="MuiButtonBase-root MuiCardActionArea-root"
          tabindex="0"
          type="button"
        >
          <div
            class="MuiCardContent-root"
          >
            <h6
              class="MuiTypography-root MuiTypography-h6"
            >
              0
            </h6>
          </div>
          <span
            class="MuiCardActionArea-focusHighlight"
          />
          <span
            class="MuiTouchRipple-root"
          />
        </button>
      </div>
      <div
        class="MuiPaper-root MuiCard-root makeStyles-root-1 MuiPaper-elevation1 MuiPaper-rounded"
      >
        <div
          class="MuiCardHeader-root makeStyles-cardHeader-2"
        >
          <div
            class="MuiCardHeader-content"
          >
            <span
              class="MuiTypography-root MuiCardHeader-title MuiTypography-h5 MuiTypography-displayBlock"
            />
          </div>
        </div>
        <button
          class="MuiButtonBase-root MuiCardActionArea-root"
          tabindex="0"
          type="button"
        >
          <div
            class="MuiCardContent-root"
          >
            <h6
              class="MuiTypography-root MuiTypography-h6"
            >
              0.5
            </h6>
          </div>
          <span
            class="MuiCardActionArea-focusHighlight"
          />
          <span
            class="MuiTouchRipple-root"
          />
        </button>
      </div>
      <div
        class="MuiPaper-root MuiCard-root makeStyles-root-1 MuiPaper-elevation1 MuiPaper-rounded"
      >
        <div
          class="MuiCardHeader-root makeStyles-cardHeader-2"
        >
          <div
            class="MuiCardHeader-content"
          >
            <span
              class="MuiTypography-root MuiCardHeader-title MuiTypography-h5 MuiTypography-displayBlock"
            />
          </div>
        </div>
        <button
          class="MuiButtonBase-root MuiCardActionArea-root"
          tabindex="0"
          type="button"
        >
          <div
            class="MuiCardContent-root"
          >
            <h6
              class="MuiTypography-root MuiTypography-h6"
            >
              1
            </h6>
          </div>
          <span
            class="MuiCardActionArea-focusHighlight"
          />
          <span
            class="MuiTouchRipple-root"
          />
        </button>
      </div>
      <div
        class="MuiPaper-root MuiCard-root makeStyles-root-1 MuiPaper-elevation1 MuiPaper-rounded"
      >
        <div
          class="MuiCardHeader-root makeStyles-cardHeader-2"
        >
          <div
            class="MuiCardHeader-content"
          >
            <span
              class="MuiTypography-root MuiCardHeader-title MuiTypography-h5 MuiTypography-displayBlock"
            />
          </div>
        </div>
        <button
          class="MuiButtonBase-root MuiCardActionArea-root"
          tabindex="0"
          type="button"
        >
          <div
            class="MuiCardContent-root"
          >
            <h6
              class="MuiTypography-root MuiTypography-h6"
            >
              2
            </h6>
          </div>
          <span
            class="MuiCardActionArea-focusHighlight"
          />
          <span
            class="MuiTouchRipple-root"
          />
        </button>
      </div>
      <div
        class="MuiPaper-root MuiCard-root makeStyles-root-1 MuiPaper-elevation1 MuiPaper-rounded"
      >
        <div
          class="MuiCardHeader-root makeStyles-cardHeader-2"
        >
          <div
            class="MuiCardHeader-content"
          >
            <span
              class="MuiTypography-root MuiCardHeader-title MuiTypography-h5 MuiTypography-displayBlock"
            />
          </div>
        </div>
        <button
          class="MuiButtonBase-root MuiCardActionArea-root"
          tabindex="0"
          type="button"
        >
          <div
            class="MuiCardContent-root"
          >
            <h6
              class="MuiTypography-root MuiTypography-h6"
            >
              3
            </h6>
          </div>
          <span
            class="MuiCardActionArea-focusHighlight"
          />
          <span
            class="MuiTouchRipple-root"
          />
        </button>
      </div>
      <div
        class="MuiPaper-root MuiCard-root makeStyles-root-1 MuiPaper-elevation1 MuiPaper-rounded"
      >
        <div
          class="MuiCardHeader-root makeStyles-cardHeader-2"
        >
          <div
            class="MuiCardHeader-content"
          >
            <span
              class="MuiTypography-root MuiCardHeader-title MuiTypography-h5 MuiTypography-displayBlock"
            />
          </div>
        </div>
        <button
          class="MuiButtonBase-root MuiCardActionArea-root"
          tabindex="0"
          type="button"
        >
          <div
            class="MuiCardContent-root"
          >
            <h6
              class="MuiTypography-root MuiTypography-h6"
            >
              5
            </h6>
          </div>
          <span
            class="MuiCardActionArea-focusHighlight"
          />
          <span
            class="MuiTouchRipple-root"
          />
        </button>
      </div>
      <div
        class="MuiPaper-root MuiCard-root makeStyles-root-1 MuiPaper-elevation1 MuiPaper-rounded"
      >
        <div
          class="MuiCardHeader-root makeStyles-cardHeader-2"
        >
          <div
            class="MuiCardHeader-content"
          >
            <span
              class="MuiTypography-root MuiCardHeader-title MuiTypography-h5 MuiTypography-displayBlock"
            />
          </div>
        </div>
        <button
          class="MuiButtonBase-root MuiCardActionArea-root"
          tabindex="0"
          type="button"
        >
          <div
            class="MuiCardContent-root"
          >
            <h6
              class="MuiTypography-root MuiTypography-h6"
            >
              8
            </h6>
          </div>
          <span
            class="MuiCardActionArea-focusHighlight"
          />
          <span
            class="MuiTouchRipple-root"
          />
        </button>
      </div>
      <div
        class="MuiPaper-root MuiCard-root makeStyles-root-1 MuiPaper-elevation1 MuiPaper-rounded"
      >
        <div
          class="MuiCardHeader-root makeStyles-cardHeader-2"
        >
          <div
            class="MuiCardHeader-content"
          >
            <span
              class="MuiTypography-root MuiCardHeader-title MuiTypography-h5 MuiTypography-displayBlock"
            />
          </div>
        </div>
        <button
          class="MuiButtonBase-root MuiCardActionArea-root"
          tabindex="0"
          type="button"
        >
          <div
            class="MuiCardContent-root"
          >
            <h6
              class="MuiTypography-root MuiTypography-h6"
            >
              13
            </h6>
          </div>
          <span
            class="MuiCardActionArea-focusHighlight"
          />
          <span
            class="MuiTouchRipple-root"
          />
        </button>
      </div>
    </div>
  </div>
</div>
`;
